// Jest Snapshot v1, https://goo.gl/fbAQLP

exports[`<Project /> should render correctly 1`] = `
.c0 {
  width: 100%;
  padding: 1.5rem;
  display: -webkit-box;
  display: -webkit-flex;
  display: -ms-flexbox;
  display: flex;
  -webkit-flex-direction: column;
  -ms-flex-direction: column;
  flex-direction: column;
  -webkit-box-pack: center;
  -webkit-justify-content: center;
  -ms-flex-pack: center;
  justify-content: center;
  -webkit-align-items: center;
  -webkit-box-align: center;
  -ms-flex-align: center;
  align-items: center;
  cursor: pointer;
}

.c0 img {
  width: 100%;
  height: 700px;
  border-radius: 10px;
  width: 35%;
  border-radius: 0px;
  margin: 0 auto;
}

.c1 {
  width: 100%;
  height: 150px;
  margin-top: -150px;
  background: #222;
  background: rgba(0,0,0,0.7);
  padding: 1.5rem;
  border-radius: 0 0 10px 10px;
  box-shadow: 0px 0px 15px 0px rgba(0,0,0,0.3);
}

.c2 {
  margin-bottom: 1.5rem;
  font-size: 2.4rem;
  font-weight: 700;
}

.c3 {
  line-height: 2.4rem;
  font-size: 1.6rem;
}

<body>
  <div>
    <div
      class="c0"
    >
      <img
        alt="banner"
        src=""
      />
      <div
        class="c1"
      >
        <div
          class="c2"
        >
          title
        </div>
        <div
          class="c3"
        >
          description
        </div>
      </div>
    </div>
  </div>
</body>
`;
