// Jest Snapshot v1, https://goo.gl/fbAQLP

exports[`<Menu /> should render correctly 1`] = `
.c0 {
  display: -webkit-box;
  display: -webkit-flex;
  display: -ms-flexbox;
  display: flex;
  -webkit-box-pack: space-around;
  -webkit-justify-content: space-around;
  -ms-flex-pack: space-around;
  justify-content: space-around;
  -webkit-align-items: center;
  -webkit-box-align: center;
  -ms-flex-align: center;
  align-items: center;
}

.c1 {
  font-size: 2.0rem;
  color: #FAFAFA;
  padding: 0.5rem 1rem;
  position: relative;
}

.c1::after {
  content: '';
  position: absolute;
  bottom: 0;
  left: 0;
  right: 0;
  border-radius: 1rem;
  border-bottom: 0.3rem solid #FAFAFA;
  -webkit-transition: -webkit-transform 0.3s ease-in-out;
  -webkit-transition: transform 0.3s ease-in-out;
  transition: transform 0.3s ease-in-out;
  -webkit-transform: scaleX(0);
  -ms-transform: scaleX(0);
  transform: scaleX(0);
}

.c1:hover::after {
  -webkit-transform: scaleX(1);
  -ms-transform: scaleX(1);
  transform: scaleX(1);
}

.c1::after {
  -webkit-transform: scaleX(1);
  -ms-transform: scaleX(1);
  transform: scaleX(1);
  border-color: #A6DAF7;
}

.c2 {
  font-size: 2.0rem;
  color: #FAFAFA;
  padding: 0.5rem 1rem;
  position: relative;
}

.c2::after {
  content: '';
  position: absolute;
  bottom: 0;
  left: 0;
  right: 0;
  border-radius: 1rem;
  border-bottom: 0.3rem solid #FAFAFA;
  -webkit-transition: -webkit-transform 0.3s ease-in-out;
  -webkit-transition: transform 0.3s ease-in-out;
  transition: transform 0.3s ease-in-out;
  -webkit-transform: scaleX(0);
  -ms-transform: scaleX(0);
  transform: scaleX(0);
}

.c2:hover::after {
  -webkit-transform: scaleX(1);
  -ms-transform: scaleX(1);
  transform: scaleX(1);
}

@media (max-width:1170px) {
  .c0 {
    width: 100%;
    position: fixed;
    top: 0;
    bottom: 0;
    right: 0;
    left: 0;
    background: #121212;
    z-index: 1;
    display: -webkit-box;
    display: -webkit-flex;
    display: -ms-flexbox;
    display: flex;
    -webkit-flex-direction: column;
    -ms-flex-direction: column;
    flex-direction: column;
    -webkit-align-items: center;
    -webkit-box-align: center;
    -ms-flex-align: center;
    align-items: center;
  }
}

<body>
  <div>
    <div
      class="c0"
    >
      <button
        class="c1"
      >
        Projetos
      </button>
      <button
        class="c2"
      >
        Sobre
      </button>
      <button
        class="c2"
      >
        Contato
      </button>
    </div>
  </div>
</body>
`;
