// Jest Snapshot v1, https://goo.gl/fbAQLP

exports[`<MediaMatch /> should be hidden if no media query is passed 1`] = `
.c0 {
  display: none;
}

@media (min-width:768px) {
  .c0 {
    display: block;
  }
}

@media (max-width:768px) {

}

<div
  class="c0"
>
  <h1
    data-testid="desktop"
  >
    Desktop
  </h1>
</div>
`;

exports[`<MediaMatch /> should show or hide based on the media passed 1`] = `
.c0 {
  display: none;
}

@media (min-width:768px) {
  .c0 {
    display: block;
  }
}

@media (max-width:768px) {

}

<div
  class="c0"
>
  <h1
    data-testid="desktop"
  >
    Desktop
  </h1>
</div>
`;
