// Jest Snapshot v1, https://goo.gl/fbAQLP

exports[`<Footer /> should render correctly 1`] = `
.c0 {
  position: fixed;
  bottom: 0;
  left: 0;
  right: 0;
  height: 2.5rem;
  background: #17202A;
  font-size: 1.4rem;
  padding: 0.5rem 30rem;
}

@media (max-width:768px) {
  .c0 {
    padding: 0.5rem;
  }
}

<body>
  <div>
    <div
      class="c0"
    >
      <div>
        Â© Marcelo Boff 2021
      </div>
    </div>
  </div>
</body>
`;
